____SGV_GV00000_ARG3(int,a,1)
____SGV_GV10000_ARG2(int,a)
____SGV_GV01000_ARG3(int,a,1)
____SGV_GV11000_ARG2(int,a)
____SGV_GV00100_ARG2(int,a)
____SGV_GV10100_ARG2(int,a)
____SGV_GV01100_ARG2(int,a)
____SGV_GV11100_ARG3(int,a,1)
____SGV_GV00010_ARG2(int,a)
____SGV_GV10010_ARG2(int,a)
____SGV_GV01010_ARG3(int,a,1)
____SGV_GV11010_ARG2(int,a)
____SGV_GV00110_ARG3(int,a,1)
____SGV_GV10110_ARG2(int,a)
____SGV_GV01110_ARG3(int,a,1)
____SGV_GV11110_ARG3(int,a,1)
____SGV_GV00001_ARG3(int,a,1)
____SGV_GV10001_ARG3(int,a,1)
____SGV_GV01001_ARG3(int,a,1)
____SGV_GV11001_ARG2(int,a)
____SGV_GV00101_ARG3(int,a,1)
____SGV_GV10101_ARG2(int,a)
____SGV_GV01101_ARG2(int,a)
____SGV_GV11101_ARG3(int,a,1)
____SGV_GV00011_ARG2(int,a)
____SGV_GV10011_ARG3(int,a,1)
____SGV_GV01011_ARG3(int,a,1)
____SGV_GV11011_ARG2(int,a)
____SGV_GV00111_ARG3(int,a,1)
____SGV_GV10111_ARG3(int,a,1)
____SGV_GV01111_ARG3(int,a,1)
____SGV_GV11111_ARG2(int,a)
